capability study for steer, queue (proxy port 38287)
trial 1/120: tool-use / queue / #0
trial 2/120: tool-use / base / #0
trial 3/120: tool-use / steer / #0
trial 4/120: implement-function / steer / #0
trial 5/120: implement-function / base / #0
trial 6/120: implement-function / queue / #0
trial 7/120: implement-function / base / #1
trial 8/120: tool-use / steer / #1
trial 9/120: tool-use / queue / #1
trial 10/120: implement-function / steer / #1
trial 11/120: implement-function / queue / #1
trial 12/120: tool-use / base / #1
trial 13/120: implement-function / base / #2
trial 14/120: implement-function / queue / #2
trial 15/120: tool-use / base / #2
trial 16/120: implement-function / steer / #2
trial 17/120: tool-use / queue / #2
trial 18/120: tool-use / steer / #2
trial 19/120: tool-use / base / #3
trial 20/120: tool-use / queue / #3
trial 21/120: tool-use / steer / #3
trial 22/120: implement-function / queue / #3
trial 23/120: implement-function / base / #3
trial 24/120: implement-function / steer / #3
trial 25/120: tool-use / steer / #4
trial 26/120: tool-use / queue / #4
trial 27/120: tool-use / base / #4
trial 28/120: implement-function / queue / #4
trial 29/120: implement-function / steer / #4
trial 30/120: implement-function / base / #4
trial 31/120: implement-function / queue / #5
trial 32/120: tool-use / base / #5
trial 33/120: implement-function / steer / #5
trial 34/120: implement-function / base / #5
trial 35/120: tool-use / queue / #5
trial 36/120: tool-use / steer / #5
trial 37/120: implement-function / queue / #6
trial 38/120: tool-use / base / #6
trial 39/120: implement-function / base / #6
trial 40/120: tool-use / queue / #6
trial 41/120: tool-use / steer / #6
trial 42/120: implement-function / steer / #6
trial 43/120: implement-function / steer / #7
trial 44/120: tool-use / base / #7
trial 45/120: tool-use / queue / #7
trial 46/120: implement-function / base / #7
trial 47/120: tool-use / steer / #7
trial 48/120: implement-function / queue / #7
trial 49/120: tool-use / base / #8
trial 50/120: implement-function / steer / #8
trial 51/120: tool-use / queue / #8
trial 52/120: implement-function / queue / #8
trial 53/120: tool-use / steer / #8
trial 54/120: implement-function / base / #8
trial 55/120: implement-function / steer / #9
trial 56/120: implement-function / queue / #9
trial 57/120: implement-function / base / #9
trial 58/120: tool-use / base / #9
trial 59/120: tool-use / steer / #9
trial 60/120: tool-use / queue / #9
trial 61/120: tool-use / queue / #10
trial 62/120: implement-function / steer / #10
trial 63/120: implement-function / queue / #10
trial 64/120: implement-function / base / #10
trial 65/120: tool-use / steer / #10
trial 66/120: tool-use / base / #10
trial 67/120: implement-function / base / #11
trial 68/120: tool-use / steer / #11
trial 69/120: tool-use / base / #11
trial 70/120: implement-function / steer / #11
trial 71/120: implement-function / queue / #11
trial 72/120: tool-use / queue / #11
trial 73/120: implement-function / steer / #12
trial 74/120: implement-function / base / #12
trial 75/120: implement-function / queue / #12
trial 76/120: tool-use / steer / #12
trial 77/120: tool-use / base / #12
trial 78/120: tool-use / queue / #12
trial 79/120: tool-use / steer / #13
trial 80/120: implement-function / queue / #13
trial 81/120: implement-function / steer / #13
trial 82/120: implement-function / base / #13
trial 83/120: tool-use / queue / #13
trial 84/120: tool-use / base / #13
trial 85/120: tool-use / queue / #14
trial 86/120: tool-use / base / #14
trial 87/120: implement-function / base / #14
trial 88/120: implement-function / steer / #14
trial 89/120: tool-use / steer / #14
trial 90/120: implement-function / queue / #14
trial 91/120: tool-use / queue / #15
trial 92/120: tool-use / base / #15
trial 93/120: implement-function / steer / #15
trial 94/120: tool-use / steer / #15
trial 95/120: implement-function / base / #15
trial 96/120: implement-function / queue / #15
trial 97/120: implement-function / queue / #16
trial 98/120: implement-function / steer / #16
trial 99/120: tool-use / base / #16
trial 100/120: implement-function / base / #16
trial 101/120: tool-use / steer / #16
trial 102/120: tool-use / queue / #16
trial 103/120: implement-function / queue / #17
trial 104/120: tool-use / base / #17
trial 105/120: implement-function / base / #17
trial 106/120: implement-function / steer / #17
trial 107/120: tool-use / queue / #17
trial 108/120: tool-use / steer / #17
trial 109/120: implement-function / base / #18
trial 110/120: implement-function / steer / #18
trial 111/120: implement-function / queue / #18
trial 112/120: tool-use / steer / #18
trial 113/120: tool-use / base / #18
trial 114/120: tool-use / queue / #18
trial 115/120: tool-use / queue / #19
trial 116/120: implement-function / queue / #19
trial 117/120: implement-function / base / #19
trial 118/120: tool-use / base / #19
trial 119/120: tool-use / steer / #19
trial 120/120: implement-function / steer / #19
{
	"completed": 120,
	"dir": "/home/noctem/projects/endophasia/.artifacts/steering-1.0.1/main",
	"errored": 0,
	"movedToInterrupted": 0,
	"planned": 120,
	"ranThisSession": 120,
	"remaining": 0
}
