capability study for steer, queue (proxy port 38475)
trial 1/18: implement-function / base / #0
trial 2/18: tool-use / base / #0
trial 3/18: implement-function / queue / #0
trial 4/18: tool-use / queue / #0
trial 5/18: tool-use / steer / #0
trial 6/18: implement-function / steer / #0
trial 7/18: tool-use / base / #1
trial 8/18: tool-use / steer / #1
trial 9/18: implement-function / steer / #1
trial 10/18: tool-use / queue / #1
trial 11/18: implement-function / queue / #1
trial 12/18: implement-function / base / #1
trial 13/18: implement-function / base / #2
trial 14/18: implement-function / queue / #2
trial 15/18: tool-use / queue / #2
trial 16/18: tool-use / steer / #2
trial 17/18: tool-use / base / #2
trial 18/18: implement-function / steer / #2
{
	"completed": 18,
	"dir": "/home/noctem/projects/endophasia/.artifacts/steering-1.0.1/posthoc-pilot-path",
	"errored": 0,
	"movedToInterrupted": 0,
	"planned": 18,
	"ranThisSession": 18,
	"remaining": 0
}
